Warning[w6]: Type conflict for external/entry "Default_Process", in module main against external/entry in module LED; function return types are different; different basic types
  /* In module main: */
  /* K&R Function, args 0, attr 0 */
  int (__cc_version2 Default_Process)();
  /* In module LED: */
  /* K&R Function, args 0, attr 0 */
  void (__cc_version2 Default_Process)();
Warning[w6]: Type conflict for external/entry "shape_LED_STATE", in module menu against external/entry in module shape; prototyped function vs K&R function
  /* In module menu: */
  /* K&R Function, args 0, attr 0 */
  int (__cc_version2 shape_LED_STATE)();
  /* In module shape: */
  /* Function, args 0, attr 0 */
  void (__cc_version2 shape_LED_STATE)(void);
################################################################################
#                                                                              #
#      IAR Universal Linker V6.0.0.46                                          #
#                                                                              #
#           Link time     =  13/Oct/2014  16:47:59                             #
#           Target CPU    =  MSP430                                            #
#           List file     =  "\\VBOXSVR\ncsu\Fall 14\ECE 306\Workspace\SchoolP #
#                            roject\Project 03\Debug\List\Project 03.map"      #
#           Output file 1 =  "\\VBOXSVR\ncsu\Fall 14\ECE 306\Workspace\SchoolP #
#                            roject\Project 03\Debug\Exe\Project 03.d43"       #
#                            Format: debug                                     #
#                            UBROF version 10.0.6                              #
#                            Using library modules for C-SPY (-rt)             #
#           Command line  =  "\\VBOXSVR\ncsu\Fall 14\ECE 306\Workspace\SchoolP #
#                            roject\Project 03\Debug\Obj\clocks.r43"           #
#                            "\\VBOXSVR\ncsu\Fall 14\ECE 306\Workspace\SchoolP #
#                            roject\Project 03\Debug\Obj\init.r43"             #
#                            "\\VBOXSVR\ncsu\Fall 14\ECE 306\Workspace\SchoolP #
#                            roject\Project 03\LCD.r43"                        #
#                            "\\VBOXSVR\ncsu\Fall 14\ECE 306\Workspace\SchoolP #
#                            roject\Project 03\Debug\Obj\LED.r43"              #
#                            "\\VBOXSVR\ncsu\Fall 14\ECE 306\Workspace\SchoolP #
#                            roject\Project 03\Debug\Obj\main.r43"             #
#                            "\\VBOXSVR\ncsu\Fall 14\ECE 306\Workspace\SchoolP #
#                            roject\Project 03\Debug\Obj\menu.r43"             #
#                            "\\VBOXSVR\ncsu\Fall 14\ECE 306\Workspace\SchoolP #
#                            roject\Project 03\Debug\Obj\ports.r43"            #
#                            "\\VBOXSVR\ncsu\Fall 14\ECE 306\Workspace\SchoolP #
#                            roject\Project 03\Debug\Obj\shape.r43"            #
#                            "\\VBOXSVR\ncsu\Fall 14\ECE 306\Workspace\SchoolP #
#                            roject\Project 03\Debug\Obj\switch.r43"           #
#                            "\\VBOXSVR\ncsu\Fall 14\ECE 306\Workspace\SchoolP #
#                            roject\Project 03\Debug\Obj\system.r43"           #
#                            "\\VBOXSVR\ncsu\Fall 14\ECE 306\Workspace\SchoolP #
#                            roject\Project 03\Debug\Obj\timers.r43"           #
#                            "\\VBOXSVR\ncsu\Fall 14\ECE 306\Workspace\SchoolP #
#                            roject\Project 03\timersB2.r43"                   #
#                            -o                                                #
#                            "\\VBOXSVR\ncsu\Fall 14\ECE 306\Workspace\SchoolP #
#                            roject\Project 03\Debug\Exe\Project 03.d43"       #
#                            -l                                                #
#                            "\\VBOXSVR\ncsu\Fall 14\ECE 306\Workspace\SchoolP #
#                            roject\Project 03\Debug\List\Project 03.map"      #
#                            -xesni                                            #
#                            "-IC:\Program Files (x86)\IAR Systems\Embedded Wo #
#                            rkbench 7.0\430\LIB\"                             #
#                            -f                                                #
#                            "C:\Program Files (x86)\IAR Systems\Embedded Work #
#                            bench 7.0\430\config\linker\lnk430FR5739.xcl"     #
#                            (-cmsp430 -QCODE_I=CODE_ID -QTLS16_I=TLS16_ID     #
#                            -Z(CONST)INFO=1800-18FF                           #
#                            -Z(CONST)INFOA=1880-18FF                          #
#                            -Z(CONST)INFOB=1800-187F                          #
#                            -Z(DATA)DATA16_I,DATA16_Z,DATA16_N,TLS16_I=1C00-1 #
#                            FFF                                               #
#                            -Z(DATA)CODE_I -Z(DATA)CSTACK+_STACK_SIZE#        #
#                            -Z(CONST)DATA16_P=C200-FF7F                       #
#                            -Z(DATA)DATA16_HEAP+_DATA16_HEAP_SIZE             #
#                            -Z(CONST)MPU_B1                                   #
#                            -Z(CONST)DATA16_C,DATA16_ID,TLS16_ID,DIFUNCT,CHEC #
#                            KSUM=C200-FF7F                                    #
#                            -Z(CONST)MPU_B2                                   #
#                            -Z(CODE)CSTART,ISR_CODE,CODE_ID=C200-FF7F         #
#                            -P(CODE)CODE=C200-FF7F -Z(CODE)CODE_PAD           #
#                            -Z(CONST)SIGNATURE=FF80-FF8F                      #
#                            -Z(CODE)INTVEC=FF90-FFFF                          #
#                            -Z(CODE)RESET=FFFE-FFFF) -f                       #
#                            "C:\Program Files (x86)\IAR Systems\Embedded Work #
#                            bench 7.0\430\config\linker\multiplier32_loc2.xcl #
#                            "                                                 #
#                            (-e?Mul8HwLoc2=?Mul8 -e?Mul16HwLoc2=?Mul16        #
#                            -e?Mul16to32uHwLoc2=?Mul16to32u                   #
#                            -e?Mul16to32sHwLoc2=?Mul16to32s                   #
#                            -e?Mul32Hw32Loc2=?Mul32                           #
#                            -e?Mul64Hw32Loc2=_Mul64i                          #
#                            -e?Mul32u32uto64iHw32Loc2=_Mul32u32uto64i         #
#                            -e?Mul32fHwLoc2=_Mul32f                           #
#                            -e_Mul64fHwPtrLoc2=_Mul64fPtr) -D_STACK_SIZE=A0   #
#                            -rt                                               #
#                            "C:\Program Files (x86)\IAR Systems\Embedded Work #
#                            bench 7.0\430\lib\dlib\dl430xlsfn.r43"            #
#                            -e_PrintfLarge=_Printf -e_ScanfLarge=_Scanf       #
#                            -D_DATA16_HEAP_SIZE=A0 -s __program_start         #
#                            -D_DATA20_HEAP_SIZE=50                            #
#                                                                              #
#                           Copyright (C) 1987-2014 IAR Systems AB.            #
################################################################################





                ****************************************
                *                                      *
                *           CROSS REFERENCE            *
                *                                      *
                ****************************************

       Program entry at :           C2B0  Relocatable, from module : ?cstart




                ****************************************
                *                                      *
                *            RUNTIME MODEL             *
                *                                      *
                ****************************************

  __Heap_Handler             = Basic
  __SystemLibrary            = DLib
  __code_model               = large
  __core                     = 430X
  __data_model               = small
  __dlib_file_descriptor     = 0
  __dlib_full_locale_support = 0
  __double_size              = 32
  __pic                      = no
  __reg_r4                   = free
  __reg_r5                   = free
  __rt_version               = 3

                ****************************************
                *                                      *
                *    AUTOMATIC SYMBOL REDIRECTIONS     *
                *                                      *
                ****************************************

                  There are no automatic symbol redirections.

                ****************************************
                *                                      *
                *              ENTRY LIST              *
                *                                      *
                ****************************************

Module  Entry                              Address
------  -----                              -------
?FILLER_BYTES
?ABS_ENTRY_MOD
        _DATA20_HEAP_SIZE                   0050
        _DATA16_HEAP_SIZE                   00A0
        _STACK_SIZE                         00A0
clocks ( \\VBOXSVR\ncsu\Fall 14\ECE 306\Workspace\SchoolProject\Project 03\Debug\Obj\clocks.r43 )
        _A_CSCTL0_L                         0160
        _A_CSCTL1_L                         0162
        _A_CSCTL2_L                         0164
        _A_CSCTL3_L                         0166
        _A_WDTCTL_L                         015C
        Init_Clocks                         CE7E
        ?setjmp_save_r4                     NOT NEEDED
        ?setjmp_save_r5                     NOT NEEDED
        CSCTL0                              0160
        CSCTL0_H                            0161
        CSCTL0_L                            0160
        CSCTL1                              0162
        CSCTL1_H                            0163
        CSCTL1_L                            0162
        CSCTL2                              0164
        CSCTL2_H                            0165
        CSCTL2_L                            0164
        CSCTL3                              0166
        CSCTL3_H                            0167
        CSCTL3_L                            0166
        WDTCTL                              015C
        WDTCTL_H                            015D
        WDTCTL_L                            015C
init ( \\VBOXSVR\ncsu\Fall 14\ECE 306\Workspace\SchoolProject\Project 03\Debug\Obj\init.r43 )
        _A_PBOUT_L                          0222
        _A_PJOUT_L                          0322
        Init_Ports                          CF46
        Init_Conditions                     D000
        Init_Timers                         CFEC
        Init_LEDs                           CD96
        ?setjmp_save_r4                     NOT NEEDED
        ?setjmp_save_r5                     NOT NEEDED
        PBOUT                               0222
        PBOUT_H                             0223
        PBOUT_L                             0222
        PJOUT                               0322
        PJOUT_H                             0323
        PJOUT_L                             0322
LCD ( \\VBOXSVR\ncsu\Fall 14\ECE 306\Workspace\SchoolProject\Project 03\LCD.r43 )
        _A_PAOUT_L                          0202
        _A_UCB0CTLW0_L                      0640
        _A_UCB0BRW_L                        0646
        _A_UCB0TXBUF_L                      064E
        _A_UCB0IFG_L                        066C
        lcd_control                         NOT NEEDED
        display_line_1                      NOT NEEDED
        display_line_2                      NOT NEEDED
        display_1                           1C04
        display_2                           1C06
        char_count                          1C08
        current_line                        1C10
        update_display_count                NOT NEEDED
        display_update_time                 NOT NEEDED
        Init_SPI_B0                         CDEA
        SPI_B0_write                        CF74
        spi_rs_data                         CFD4
        spi_rs_command                      CFBC
        spi_chipselect_idle                 CFC4
        spi_chipselect_active               CFDC
        spi_reset_idle                      CFE4
        spi_reset_active                    CFF4
        Init_LCD                            CAB6
        lcd_clear                           NOT NEEDED
        lcd_write                           CCF8
        lcd_command                         NOT NEEDED
        lcd_putc                            CD38
        lcd_puts                            NOT NEEDED
        lcd_out                             CE5A
        Display_Process                     NOT NEEDED
        ?setjmp_save_r4                     NOT NEEDED
        ?setjmp_save_r5                     NOT NEEDED
        PAOUT                               0202
        PAOUT_H                             0203
        PAOUT_L                             0202
        UCB0CTLW0                           0640
        UCB0CTLW0_H                         0641
        UCB0CTLW0_L                         0640
        UCB0BRW                             0646
        UCB0BRW_H                           0647
        UCB0BRW_L                           0646
        UCB0TXBUF                           064E
        UCB0TXBUF_H                         064F
        UCB0TXBUF_L                         064E
        UCB0IFG                             066C
        UCB0IFG_H                           066D
        UCB0IFG_L                           066C
LED ( \\VBOXSVR\ncsu\Fall 14\ECE 306\Workspace\SchoolProject\Project 03\Debug\Obj\LED.r43 )
        _A_PJOUT_L                          NOT NEEDED
        Default_Process                     CB44
        ?setjmp_save_r4                     NOT NEEDED
        ?setjmp_save_r5                     NOT NEEDED
        PJOUT                               0322
        PJOUT_H                             0323
        PJOUT_L                             0322
main ( \\VBOXSVR\ncsu\Fall 14\ECE 306\Workspace\SchoolProject\Project 03\Debug\Obj\main.r43 )
        _A_PBIN_L                           0220
        _A_PBOUT_L                          NOT NEEDED
        _A_PJOUT_L                          NOT NEEDED
        control_state                       NOT NEEDED
        main                                C5F2
        ?setjmp_save_r4                     NOT NEEDED
        ?setjmp_save_r5                     NOT NEEDED
        PBIN                                0220
        PBIN_H                              0221
        PBIN_L                              0220
        PBOUT                               0222
        PBOUT_H                             0223
        PBOUT_L                             0222
        PJOUT                               0322
        PJOUT_H                             0323
        PJOUT_L                             0322
menu ( \\VBOXSVR\ncsu\Fall 14\ECE 306\Workspace\SchoolProject\Project 03\Debug\Obj\menu.r43 )
        what_to_do                          1C11
        shape_selection                     1C12
        select_menu                         C738
        shape_menu                          C83A
        ?setjmp_save_r4                     NOT NEEDED
        ?setjmp_save_r5                     NOT NEEDED
ports ( \\VBOXSVR\ncsu\Fall 14\ECE 306\Workspace\SchoolProject\Project 03\Debug\Obj\ports.r43 )
        _A_PAOUT_L                          NOT NEEDED
        _A_PADIR_L                          0204
        _A_PAREN_L                          0206
        _A_PASEL0_L                         020A
        _A_PASEL1_L                         020C
        _A_PBOUT_L                          NOT NEEDED
        _A_PBDIR_L                          0224
        _A_PBREN_L                          0226
        _A_PBSEL0_L                         022A
        _A_PBSEL1_L                         022C
        _A_PJOUT_L                          NOT NEEDED
        _A_PJDIR_L                          0324
        _A_PJSEL0_L                         032A
        _A_PJSEL1_L                         032C
        Init_Port1                          CBBE
        Init_Port2                          CE10
        Init_Port3                          CDC0
        Init_Port4                          CE36
        Init_PortJ                          CD68
        ?setjmp_save_r4                     NOT NEEDED
        ?setjmp_save_r5                     NOT NEEDED
        PAOUT                               0202
        PAOUT_H                             0203
        PAOUT_L                             0202
        PADIR                               0204
        PADIR_H                             0205
        PADIR_L                             0204
        PAREN                               0206
        PAREN_H                             0207
        PAREN_L                             0206
        PASEL0                              020A
        PASEL0_H                            020B
        PASEL0_L                            020A
        PASEL1                              020C
        PASEL1_H                            020D
        PASEL1_L                            020C
        PBOUT                               0222
        PBOUT_H                             0223
        PBOUT_L                             0222
        PBDIR                               0224
        PBDIR_H                             0225
        PBDIR_L                             0224
        PBREN                               0226
        PBREN_H                             0227
        PBREN_L                             0226
        PBSEL0                              022A
        PBSEL0_H                            022B
        PBSEL0_L                            022A
        PBSEL1                              022C
        PBSEL1_H                            022D
        PBSEL1_L                            022C
        PJOUT                               0322
        PJOUT_H                             0323
        PJOUT_L                             0322
        PJDIR                               0324
        PJDIR_H                             0325
        PJDIR_L                             0324
        PJSEL0                              032A
        PJSEL0_H                            032B
        PJSEL0_L                            032A
        PJSEL1                              032C
        PJSEL1_H                            032D
        PJSEL1_L                            032C
shape ( \\VBOXSVR\ncsu\Fall 14\ECE 306\Workspace\SchoolProject\Project 03\Debug\Obj\shape.r43 )
        _A_PBIN_L                           NOT NEEDED
        _A_PBOUT_L                          NOT NEEDED
        cycle_time                          1C0A
        complete                            NOT NEEDED
        count_time                          1C13
        straight_direction                  1C14
        left_wheel_on                       1C15
        right_wheel_on                      1C16
        left_wheel_count                    1C17
        right_wheel_count                   1C18
        next_move                           1C19
        shape_LED_STATE                     CEA0
        shape_Blank                         CEC2
        STRAIGHT_Process                    C476
        CIRCLE_Process                      C918
        TRIANGLE_Process                    C2E8
        FIGURE_8_Process                    CC36
        ONE_CIRCLE_Process                  C9E8
        ?setjmp_save_r4                     NOT NEEDED
        ?setjmp_save_r5                     NOT NEEDED
        PBIN                                0220
        PBIN_H                              0221
        PBIN_L                              0220
        PBOUT                               0222
        PBOUT_H                             0223
        PBOUT_L                             0222
switch ( \\VBOXSVR\ncsu\Fall 14\ECE 306\Workspace\SchoolProject\Project 03\Debug\Obj\switch.r43 )
        _A_PBIN_L                           NOT NEEDED
        okay_to_look_at_switch1             1C00
        okay_to_look_at_switch2             1C01
        sw1_position                        1C02
        sw2_position                        1C03
        count_debounce_SW1                  1C1A
        count_debounce_SW2                  1C1B
        Switch1_Process                     CC78
        Switch2_Process                     CCB8
        Switches_Process                    CFCC
        ?setjmp_save_r4                     NOT NEEDED
        ?setjmp_save_r5                     NOT NEEDED
        PBIN                                0220
        PBIN_H                              0221
        PBIN_L                              0220
system ( \\VBOXSVR\ncsu\Fall 14\ECE 306\Workspace\SchoolProject\Project 03\Debug\Obj\system.r43 )
        enable_interrupts                   D008
        ?setjmp_save_r4                     NOT NEEDED
        ?setjmp_save_r5                     NOT NEEDED
timers ( \\VBOXSVR\ncsu\Fall 14\ECE 306\Workspace\SchoolProject\Project 03\Debug\Obj\timers.r43 )
        Time_Sequence                       1C0C
        five_msec_count                     1C0E
        one_time                            1C1C
        usleep10                            CF16
        five_msec_sleep                     CFAC
        TimerB0code                         CF5E
        ?setjmp_save_r4                     NOT NEEDED
        ?setjmp_save_r5                     NOT NEEDED
timersB2 ( \\VBOXSVR\ncsu\Fall 14\ECE 306\Workspace\SchoolProject\Project 03\timersB2.r43 )
        TB2CTL                              0440
        TB2CCTL0                            0442
        TB2CCR0                             0452
        TB2EX0                              0460
        sleeping                            NOT NEEDED
        sleeptime                           NOT NEEDED
        Init_Timer_B2                       CEFC
        led_blink                           NOT NEEDED
        gps_resetting                       NOT NEEDED
        gps_2b_reset                        NOT NEEDED
        reset_gps_time                      NOT NEEDED
        transmit_delay                      NOT NEEDED
        transmit_time                       NOT NEEDED
        Timer2_B0_ISR                       C2D8
        Timer2_B0_ISR::??INTVEC 70          FFD6
        ?setjmp_save_r4                     NOT NEEDED
        ?setjmp_save_r5                     NOT NEEDED
?abort ( C:\Program Files (x86)\IAR Systems\Embedded Workbench 7.0\430\lib\dlib\dl430xlsfn.r43 )
        abort                               NOT NEEDED
?__dbg_break ( C:\Program Files (x86)\IAR Systems\Embedded Workbench 7.0\430\lib\dlib\dl430xlsfn.r43 )
        __DebugBreak                        D010
?__dwrite ( C:\Program Files (x86)\IAR Systems\Embedded Workbench 7.0\430\lib\dlib\dl430xlsfn.r43 )
        __dwrite                            NOT NEEDED
?__exit ( C:\Program Files (x86)\IAR Systems\Embedded Workbench 7.0\430\lib\dlib\dl430xlsfn.r43 )
        __exit                              CF2E
?__write ( C:\Program Files (x86)\IAR Systems\Embedded Workbench 7.0\430\lib\dlib\dl430xlsfn.r43 )
        __write                             NOT NEEDED
?_exit ( C:\Program Files (x86)\IAR Systems\Embedded Workbench 7.0\430\lib\dlib\dl430xlsfn.r43 )
        _exit                               D004
        __cstart_call_dtors                 NOT NEEDED
        __cstart_closeall                   NOT NEEDED
        __cstart_clearlocks                 NOT NEEDED
?cppinit ( C:\Program Files (x86)\IAR Systems\Embedded Workbench 7.0\430\lib\dlib\dl430xlsfn.r43 )
        __call_ctors                        NOT NEEDED
        __alloc_record_needed_destruction   NOT NEEDED
        __record_needed_destruction         NOT NEEDED
        __call_dtors                        NOT NEEDED
        __data16_vec_cctor                  NOT NEEDED
?cstart ( C:\Program Files (x86)\IAR Systems\Embedded Workbench 7.0\430\lib\dlib\dl430xlsfn.r43 )
        __program_start                     C2B0
        ?cstart_begin                       C2B0
        ?cstart_call_mpu_init               NOT NEEDED
        ?cstart_call_low_level_init         NOT NEEDED
        ?cstart_init_copy_ramfunc           NOT NEEDED
        ?cstart_init_zero                   C2B4
        ?cstart_init_copy                   C2C0
        ?cstart_init_zero20                 NOT NEEDED
        ?cstart_init_copy20                 NOT NEEDED
        __cstart_init_tls                   NOT NEEDED
        ?cstart_call_ctors                  NOT NEEDED
        ?cstart_call_main                   C2D0
        ?cstart_end                         C2D8
lowinit ( C:\Program Files (x86)\IAR Systems\Embedded Workbench 7.0\430\lib\dlib\dl430xlsfn.r43 )
        __low_level_init                    NOT NEEDED
?reset_vector ( C:\Program Files (x86)\IAR Systems\Embedded Workbench 7.0\430\lib\dlib\dl430xlsfn.r43 )
        ?reset_vector                       FFFE
?exit ( C:\Program Files (x86)\IAR Systems\Embedded Workbench 7.0\430\lib\dlib\dl430xlsfn.r43 )
        exit                                CFFC
?malloc ( C:\Program Files (x86)\IAR Systems\Embedded Workbench 7.0\430\lib\dlib\dl430xlsfn.r43 )
        malloc                              NOT NEEDED
?DivMod816u ( C:\Program Files (x86)\IAR Systems\Embedded Workbench 7.0\430\lib\dlib\dl430xlsfn.r43 )
        ?DivMod8u                           CEE0
        ?DivMod16u                          CEE4
?memcpy ( C:\Program Files (x86)\IAR Systems\Embedded Workbench 7.0\430\lib\dlib\dl430xlsfn.r43 )
        memcpy                              CF88
?memmove ( C:\Program Files (x86)\IAR Systems\Embedded Workbench 7.0\430\lib\dlib\dl430xlsfn.r43 )
        memmove                             NOT NEEDED
?memzero ( C:\Program Files (x86)\IAR Systems\Embedded Workbench 7.0\430\lib\dlib\dl430xlsfn.r43 )
        __data16_memzero                    CF9A
        __data16_memcpy                     D00C
        __data16_memmove                    NOT NEEDED
?MpuInit ( C:\Program Files (x86)\IAR Systems\Embedded Workbench 7.0\430\lib\dlib\dl430xlsfn.r43 )
        __iar_430_mpu_init                  NOT NEEDED
        ?mpu1_4k_init                       NOT NEEDED
        ?mpu1_8k_init                       NOT NEEDED
        ?mpu1_16k_init                      NOT NEEDED
        ?mpu2_init                          NOT NEEDED
?setjmp ( C:\Program Files (x86)\IAR Systems\Embedded Workbench 7.0\430\lib\dlib\dl430xlsfn.r43 )
        setjmp                              NOT NEEDED
        ?setjmp_r5                          NOT NEEDED
        ?setjmp_r4                          NOT NEEDED
        ?setjmp_end                         NOT NEEDED
?longjmp ( C:\Program Files (x86)\IAR Systems\Embedded Workbench 7.0\430\lib\dlib\dl430xlsfn.r43 )
        longjmp                             NOT NEEDED
        ?longjmp_r5                         NOT NEEDED
        ?longjmp_r4                         NOT NEEDED
        ?longjmp_end                        NOT NEEDED
?IndCallR11 ( C:\Program Files (x86)\IAR Systems\Embedded Workbench 7.0\430\lib\dlib\dl430xlsfn.r43 )
        ?IndCallR11                         NOT NEEDED
?IndCallR15 ( C:\Program Files (x86)\IAR Systems\Embedded Workbench 7.0\430\lib\dlib\dl430xlsfn.r43 )
        ?IndCallR15                         NOT NEEDED
?xcloseall ( C:\Program Files (x86)\IAR Systems\Embedded Workbench 7.0\430\lib\dlib\dl430xlsfn.r43 )
        _Close_all                          NOT NEEDED
?xgetmemchunk ( C:\Program Files (x86)\IAR Systems\Embedded Workbench 7.0\430\lib\dlib\dl430xlsfn.r43 )
        __data16_GetMemChunk                NOT NEEDED
?xxmemxfree ( C:\Program Files (x86)\IAR Systems\Embedded Workbench 7.0\430\lib\dlib\dl430xlsfn.r43 )
        __data16_free                       NOT NEEDED
?xxmemxmalloc ( C:\Program Files (x86)\IAR Systems\Embedded Workbench 7.0\430\lib\dlib\dl430xlsfn.r43 )
        __data16_Aldata                     NOT NEEDED
        __data16_malloc                     NOT NEEDED
        __data16_findmem                     LOCAL, NOT NEEDED


                ****************************************
                *                                      *
                *            MODULE SUMMARY            *
                *                                      *
                ****************************************

Module               CODE      DATA      CONST
------               ----      ----      -----
                    (Rel)  (Rel)  (Abs)  (Rel)
?DivMod816u            28
?__dbg_break            2
?__exit                24
?_exit                  4
?cstart                40
?exit                   4
?memcpy                18
?memzero               22
?reset_vector           2
LCD                   396      7      8
  + shared                            2
LED                   122
clocks                 34            10
init                   78
  + shared                            4
main                  326
  + shared                            2
menu                  480      2           138
ports                 282            22
shape               1 322      9            34
switch                136      6             4
system                  4
timers                 62      5
timersB2               42             8
  + common             72
N/A (command line)           160
N/A (alignment)
----------          -----    ---     --    ---
Total:              3 428    189     56    176
  + common             72


                ****************************************
                *                                      *
                *      SEGMENTS IN ADDRESS ORDER       *
                *                                      *
                ****************************************


SEGMENT              SPACE    START ADDRESS   END ADDRESS     SIZE  TYPE  ALIGN
=======              =====    =============   ===========     ====  ====  =====
DATA16_AN                              015C - 015D               2   rel    0
                                       0160 - 0167               8 
                                       0202 - 0207               6 
                                       020A - 020D               4 
                                       0220 - 0227               8 
                                       022A - 022D               4 
                                       0322 - 0325               4 
                                       032A - 032D               4 
                                       0440 - 0443               4 
                                       0452 - 0453               2 
                                       0460 - 0461               2 
                                       0640 - 0641               2 
                                       0646 - 0647               2 
                                       064E - 064F               2 
                                       066C - 066D               2 
DATA16_I                               1C00 - 1C03               4   rel    1
DATA16_Z                               1C04 - 1C1C              19   rel    1
CSTACK                                 1F60 - 1FFF              A0   rel    1
DATA16_C                               C200 - C2AB              AC   rel    0
DATA16_ID                              C2AC - C2AF               4   rel    1
CSTART                                 C2B0 - C2D7              28   rel    1
ISR_CODE                               C2D8 - C2E7              10   rel    1
<CODE> 1                               C2E8 - D011             D2A   rel    1
INTVEC                                 FF90 - FFD7              48   com    1
RESET                                  FFFE - FFFF               2   rel    1

                ****************************************
                *                                      *
                *        END OF CROSS REFERENCE        *
                *                                      *
                ****************************************

 3 500 bytes of CODE  memory
   189 bytes of DATA  memory (+ 56 absolute )
   176 bytes of CONST memory

Errors: none
Warnings: 2

