################################################################################
#                                                                              #
#      IAR Universal Linker V6.0.0.46                                          #
#                                                                              #
#           Link time     =  25/Aug/2014  20:32:50                             #
#           Target CPU    =  MSP430                                            #
#           List file     =  "D:\NCSU\Current\Code Class\Hardware_Test\Debug\L #
#                            ist\Hardware_Test_Display.map"                    #
#           Output file 1 =  "D:\NCSU\Current\Code Class\Hardware_Test\Debug\E #
#                            xe\Hardware_Test_Display.d43"                     #
#                            Format: debug                                     #
#                            UBROF version 10.0.6                              #
#                            Using library modules for C-SPY (-rt)             #
#           Command line  =  "D:\NCSU\Current\Code Class\Hardware_Test\adc.r43 #
#                            "                                                 #
#                            "D:\NCSU\Current\Code Class\Hardware_Test\Debug\O #
#                            bj\clocks.r43"                                    #
#                            "D:\NCSU\Current\Code Class\Hardware_Test\convert #
#                            .r43"                                             #
#                            "D:\NCSU\Current\Code Class\Hardware_Test\gps.r43 #
#                            "                                                 #
#                            "D:\NCSU\Current\Code Class\Hardware_Test\init.r4 #
#                            3"                                                #
#                            "D:\NCSU\Current\Code Class\Hardware_Test\interru #
#                            pts.r43"                                          #
#                            "D:\NCSU\Current\Code Class\Hardware_Test\LCD.r43 #
#                            "                                                 #
#                            "D:\NCSU\Current\Code Class\Hardware_Test\LED.r43 #
#                            "                                                 #
#                            "D:\NCSU\Current\Code Class\Hardware_Test\Debug\O #
#                            bj\main.r43"                                      #
#                            "D:\NCSU\Current\Code Class\Hardware_Test\menu.r4 #
#                            3"                                                #
#                            "D:\NCSU\Current\Code Class\Hardware_Test\ports.r #
#                            43"                                               #
#                            "D:\NCSU\Current\Code Class\Hardware_Test\serial. #
#                            r43"                                              #
#                            "D:\NCSU\Current\Code Class\Hardware_Test\spi.r43 #
#                            "                                                 #
#                            "D:\NCSU\Current\Code Class\Hardware_Test\switche #
#                            s.r43"                                            #
#                            "D:\NCSU\Current\Code Class\Hardware_Test\Debug\O #
#                            bj\system.r43"                                    #
#                            "D:\NCSU\Current\Code Class\Hardware_Test\timers. #
#                            r43"                                              #
#                            "D:\NCSU\Current\Code Class\Hardware_Test\wheels. #
#                            r43"                                              #
#                            -o                                                #
#                            "D:\NCSU\Current\Code Class\Hardware_Test\Debug\E #
#                            xe\Hardware_Test_Display.d43"                     #
#                            -l                                                #
#                            "D:\NCSU\Current\Code Class\Hardware_Test\Debug\L #
#                            ist\Hardware_Test_Display.map"                    #
#                            -xesni                                            #
#                            "-IC:\Program Files (x86)\IAR Systems\Embedded Wo #
#                            rkbench 7.0\430\LIB\"                             #
#                            -f                                                #
#                            "C:\Program Files (x86)\IAR Systems\Embedded Work #
#                            bench 7.0\430\config\linker\lnk430FR5739.xcl"     #
#                            (-cmsp430 -QCODE_I=CODE_ID -QTLS16_I=TLS16_ID     #
#                            -Z(CONST)INFO=1800-18FF                           #
#                            -Z(CONST)INFOA=1880-18FF                          #
#                            -Z(CONST)INFOB=1800-187F                          #
#                            -Z(DATA)DATA16_I,DATA16_Z,DATA16_N,TLS16_I=1C00-1 #
#                            FFF                                               #
#                            -Z(DATA)CODE_I -Z(DATA)CSTACK+_STACK_SIZE#        #
#                            -Z(CONST)DATA16_P=C200-FF7F                       #
#                            -Z(DATA)DATA16_HEAP+_DATA16_HEAP_SIZE             #
#                            -Z(CONST)MPU_B1                                   #
#                            -Z(CONST)DATA16_C,DATA16_ID,TLS16_ID,DIFUNCT,CHEC #
#                            KSUM=C200-FF7F                                    #
#                            -Z(CONST)MPU_B2                                   #
#                            -Z(CODE)CSTART,ISR_CODE,CODE_ID=C200-FF7F         #
#                            -P(CODE)CODE=C200-FF7F -Z(CODE)CODE_PAD           #
#                            -Z(CONST)SIGNATURE=FF80-FF8F                      #
#                            -Z(CODE)INTVEC=FF90-FFFF                          #
#                            -Z(CODE)RESET=FFFE-FFFF) -f                       #
#                            "C:\Program Files (x86)\IAR Systems\Embedded Work #
#                            bench 7.0\430\config\linker\multiplier32_loc2.xcl #
#                            "                                                 #
#                            (-e?Mul8HwLoc2=?Mul8 -e?Mul16HwLoc2=?Mul16        #
#                            -e?Mul16to32uHwLoc2=?Mul16to32u                   #
#                            -e?Mul16to32sHwLoc2=?Mul16to32s                   #
#                            -e?Mul32Hw32Loc2=?Mul32                           #
#                            -e?Mul64Hw32Loc2=_Mul64i                          #
#                            -e?Mul32u32uto64iHw32Loc2=_Mul32u32uto64i         #
#                            -e?Mul32fHwLoc2=_Mul32f                           #
#                            -e_Mul64fHwPtrLoc2=_Mul64fPtr) -D_STACK_SIZE=A0   #
#                            -rt                                               #
#                            "C:\Program Files (x86)\IAR Systems\Embedded Work #
#                            bench 7.0\430\lib\dlib\dl430xlsfn.r43"            #
#                            -e_PrintfLarge=_Printf -e_ScanfLarge=_Scanf       #
#                            -D_DATA16_HEAP_SIZE=A0 -s __program_start         #
#                            -D_DATA20_HEAP_SIZE=50                            #
#                                                                              #
#                           Copyright (C) 1987-2014 IAR Systems AB.            #
################################################################################





                ****************************************
                *                                      *
                *           CROSS REFERENCE            *
                *                                      *
                ****************************************

       Program entry at :           C25A  Relocatable, from module : ?cstart




                ****************************************
                *                                      *
                *            RUNTIME MODEL             *
                *                                      *
                ****************************************

  __Heap_Handler             = Basic
  __SystemLibrary            = DLib
  __code_model               = large
  __core                     = 430X
  __data_model               = small
  __dlib_file_descriptor     = 0
  __dlib_full_locale_support = 0
  __double_size              = 32
  __pic                      = no
  __reg_r4                   = free
  __reg_r5                   = free
  __rt_version               = 3

                ****************************************
                *                                      *
                *    AUTOMATIC SYMBOL REDIRECTIONS     *
                *                                      *
                ****************************************

                  There are no automatic symbol redirections.

                ****************************************
                *                                      *
                *              ENTRY LIST              *
                *                                      *
                ****************************************

Module  Entry                              Address
------  -----                              -------
?FILLER_BYTES
?ABS_ENTRY_MOD
        _DATA20_HEAP_SIZE                   0050
        _DATA16_HEAP_SIZE                   00A0
        _STACK_SIZE                         00A0
adc ( D:\NCSU\Current\Code Class\Hardware_Test\adc.r43 )
        _A_ADC10CTL0_L                      0700
        _A_ADC10CTL1_L                      0702
        _A_ADC10CTL2_L                      0704
        _A_ADC10MCTL0_L                     070A
        _A_ADC10IE_L                        071A
        ADC_Right_Detector                  1C16
        ADC_Left_Detector                   1C18
        ADC_Thumb                           1C1A
        ADC_Temp                            1C1C
        ADC_Bat                             1C1E
        ADC_Channel                         1C44
        Init_ADC                            D082
        ADC_Process                         D1D2
        ?setjmp_save_r4                     NOT NEEDED
        ?setjmp_save_r5                     NOT NEEDED
        ADC10CTL0                           0700
        ADC10CTL0_H                         0701
        ADC10CTL0_L                         0700
        ADC10CTL1                           0702
        ADC10CTL1_H                         0703
        ADC10CTL1_L                         0702
        ADC10CTL2                           0704
        ADC10CTL2_H                         0705
        ADC10CTL2_L                         0704
        ADC10MCTL0                          070A
        ADC10MCTL0_H                        070B
        ADC10MCTL0_L                        070A
        ADC10IE                             071A
        ADC10IE_H                           071B
        ADC10IE_L                           071A
clocks ( D:\NCSU\Current\Code Class\Hardware_Test\Debug\Obj\clocks.r43 )
        _A_CSCTL0_L                         0160
        _A_CSCTL1_L                         0162
        _A_CSCTL2_L                         0164
        _A_CSCTL3_L                         0166
        _A_WDTCTL_L                         015C
        Init_Clocks                         D7E4
        ?setjmp_save_r4                     NOT NEEDED
        ?setjmp_save_r5                     NOT NEEDED
        CSCTL0                              0160
        CSCTL0_H                            0161
        CSCTL0_L                            0160
        CSCTL1                              0162
        CSCTL1_H                            0163
        CSCTL1_L                            0162
        CSCTL2                              0164
        CSCTL2_H                            0165
        CSCTL2_L                            0164
        CSCTL3                              0166
        CSCTL3_H                            0167
        CSCTL3_L                            0166
        WDTCTL                              015C
        WDTCTL_H                            015D
        WDTCTL_L                            015C
convert ( D:\NCSU\Current\Code Class\Hardware_Test\convert.r43 )
        ADC_ascii                           1C45
        convert_ADC                         D37A
        display_ADC                         CE30
        display_GPS                         NOT NEEDED
        ?setjmp_save_r4                     NOT NEEDED
        ?setjmp_save_r5                     NOT NEEDED
gps ( D:\NCSU\Current\Code Class\Hardware_Test\gps.r43 )
        _A_PJIN_L                           0320
        _A_PJOUT_L                          0322
        _A_UCA1IE_L                         05FA
        NMEA_BUF                            1C49
        gps_index                           NOT NEEDED
        message_type                        NOT NEEDED
        display_2_index                     NOT NEEDED
        correct_message                     NOT NEEDED
        message_selection                   NOT NEEDED
        onlyonce                            NOT NEEDED
        fix_quality                         NOT NEEDED
        gps_system_init                     D3BE
        gps_wakeup                          D402
        gps_meassage_type                   NOT NEEDED
        count_commas                        NOT NEEDED
        GPS_process_simple                  NOT NEEDED
        GPS_clean_buffer                    D7C2
        GPS_process                         NOT NEEDED
        LCD_gps_meassage_print              NOT NEEDED
        VS_gps_meassage_print               CFFE
        GPS_test                            C53A
        ?setjmp_save_r4                     NOT NEEDED
        ?setjmp_save_r5                     NOT NEEDED
        PJIN                                0320
        PJIN_H                              0321
        PJIN_L                              0320
        PJOUT                               0322
        PJOUT_H                             0323
        PJOUT_L                             0322
        UCA1IE                              05FA
        UCA1IE_H                            05FB
        UCA1IE_L                            05FA
init ( D:\NCSU\Current\Code Class\Hardware_Test\init.r43 )
        Init_Conditions                     D162
        ?setjmp_save_r4                     NOT NEEDED
        ?setjmp_save_r5                     NOT NEEDED
interrupts ( D:\NCSU\Current\Code Class\Hardware_Test\interrupts.r43 )
        _A_ADC10MCTL0_L                     NOT NEEDED
        _A_ADC10MEM0_L                      0712
        _A_ADC10IV_L                        071E
        _A_PBOUT_L                          0222
        _A_PBIFG_L                          023C
        TA1CCR0                             0392
        TA1CCR1                             0394
        TA1CCR2                             0396
        TA1IV                               03AE
        TB0CCR0                             03D2
        TB0CCR1                             03D4
        TB0CCR2                             03D6
        TB0IV                               03EE
        TB1CCR0                             0412
        TB1CCR1                             0414
        TB1CCR2                             0416
        TB1IV                               042E
        TB2CCR0                             0452
        TB2CCR1                             0454
        TB2CCR2                             0456
        TB2IV                               046E
        _A_UCA0RXBUF_L                      05CC
        UCA0IV                              05DE
        UCB0IV                              066E
        _A_UCA1RXBUF_L                      05EC
        UCA1IV                              05FE
        led_blink                           1C20
        test_character                      NOT NEEDED
        character_count                     NOT NEEDED
        gps_resetting                       1C22
        gps_2b_reset                        1C24
        reset_gps_time                      1C26
        gps_message_process                 NOT NEEDED
        time_pass_by                        1C28
        transmit_delay                      1C97
        transmit_time                       1C98
        Timer1_A0_ISR                       C282
        TIMER1_A1_ISR                       C28A
        Timer0_B0_ISR                       C2B4
        TIMER0_B1_ISR                       C2DE
        Timer1_B0_ISR                       C308
        TIMER1_B1_ISR                       C378
        Timer2_B0_ISR                       C3E8
        TIMER2_B1_ISR                       C3F0
        USCI_A0_ISR                         C41A
        USCI_A1_ISR                         C450
        USCI_B0_ISR                         C486
        switch_interrupt                    C498
        ADC10_ISR                           C4CE
        switch_interrupt::??INTVEC 64       FFD0
        TIMER2_B1_ISR::??INTVEC 68          FFD4
        Timer2_B0_ISR::??INTVEC 70          FFD6
        TIMER1_B1_ISR::??INTVEC 74          FFDA
        Timer1_B0_ISR::??INTVEC 76          FFDC
        TIMER1_A1_ISR::??INTVEC 80          FFE0
        Timer1_A0_ISR::??INTVEC 82          FFE2
        USCI_A1_ISR::??INTVEC 86            FFE6
        ADC10_ISR::??INTVEC 92              FFEC
        USCI_B0_ISR::??INTVEC 94            FFEE
        USCI_A0_ISR::??INTVEC 96            FFF0
        TIMER0_B1_ISR::??INTVEC 100         FFF4
        Timer0_B0_ISR::??INTVEC 102         FFF6
        ?setjmp_save_r4                     NOT NEEDED
        ?setjmp_save_r5                     NOT NEEDED
        ADC10MCTL0                          070A
        ADC10MCTL0_H                        070B
        ADC10MCTL0_L                        070A
        ADC10MEM0                           0712
        ADC10MEM0_H                         0713
        ADC10MEM0_L                         0712
        ADC10IV                             071E
        ADC10IV_H                           071F
        ADC10IV_L                           071E
        PBOUT                               0222
        PBOUT_H                             0223
        PBOUT_L                             0222
        PBIFG                               023C
        PBIFG_H                             023D
        PBIFG_L                             023C
        UCA0RXBUF                           05CC
        UCA0RXBUF_H                         05CD
        UCA0RXBUF_L                         05CC
        UCA1RXBUF                           05EC
        UCA1RXBUF_H                         05ED
        UCA1RXBUF_L                         05EC
LCD ( D:\NCSU\Current\Code Class\Hardware_Test\LCD.r43 )
        _A_PAOUT_L                          0202
        lcd_control                         NOT NEEDED
        display_line_1                      1C99
        display_line_2                      1CAA
        display_1                           1C2A
        display_2                           1C2C
        char_count                          1C2E
        current_line                        1CBB
        update_display_count                1C30
        display_update_time                 1C32
        spi_rs_data                         D90C
        spi_rs_command                      D8EC
        spi_chipselect_idle                 D914
        spi_chipselect_active               D91C
        spi_reset_idle                      D904
        spi_reset_active                    D8E4
        Init_LCD                            CEEA
        lcd_clear                           D8FC
        lcd_write                           D444
        lcd_command                         D648
        lcd_putc                            D67A
        lcd_puts                            NOT NEEDED
        lcd_out                             D79E
        Display_Process                     D5B0
        ?setjmp_save_r4                     NOT NEEDED
        ?setjmp_save_r5                     NOT NEEDED
        PAOUT                               0202
        PAOUT_H                             0203
        PAOUT_L                             0202
LED ( D:\NCSU\Current\Code Class\Hardware_Test\LED.r43 )
        Init_LEDs                           D924
        LED5_SMCLK_switch                   D93E
        ?setjmp_save_r4                     NOT NEEDED
        ?setjmp_save_r5                     NOT NEEDED
main ( D:\NCSU\Current\Code Class\Hardware_Test\Debug\Obj\main.r43 )
        control_state                       1CBC
        slow_input_down                     1CBF
        led_smclk                           1CC0
        display_mode                        1CC1
        main                                CF78
        ?setjmp_save_r4                     NOT NEEDED
        ?setjmp_save_r5                     NOT NEEDED
menu ( D:\NCSU\Current\Code Class\Hardware_Test\menu.r43 )
        _A_PAOUT_L                          NOT NEEDED
        _A_UCA0IE_L                         05DA
        build_date                          1C00
        build_time                          1C0C
        current_character                   1CC2
        character_time_out                  1CC3
        menu                                D6D8
        wait_for_character                  D4C2
        grab_a_character                    D778
        increment_usb_rx_ring               D87A
        increment_gps_rx_ring               NOT NEEDED
        menu_program                        C888
        out_control_words                   D6AA
        ?setjmp_save_r4                     NOT NEEDED
        ?setjmp_save_r5                     NOT NEEDED
        PAOUT                               0202
        PAOUT_H                             0203
        PAOUT_L                             0202
        UCA0IE                              05DA
        UCA0IE_H                            05DB
        UCA0IE_L                            05DA
ports ( D:\NCSU\Current\Code Class\Hardware_Test\ports.r43 )
        _A_PAOUT_L                          NOT NEEDED
        _A_PADIR_L                          0204
        _A_PAREN_L                          0206
        _A_PASEL0_L                         020A
        _A_PASEL1_L                         020C
        _A_PBOUT_L                          NOT NEEDED
        _A_PBDIR_L                          0224
        _A_PBREN_L                          0226
        _A_PBSEL0_L                         022A
        _A_PBSEL1_L                         022C
        _A_PBIES_L                          0238
        _A_PJOUT_L                          NOT NEEDED
        _A_PJDIR_L                          0324
        _A_PJSEL0_L                         032A
        _A_PJSEL1_L                         032C
        Init_Ports                          D806
        Init_Port1                          D0F2
        Init_Port2                          D2E2
        Init_Port3                          CD20
        Init_Port4                          D616
        Init_PortJ                          D72C
        ?setjmp_save_r4                     NOT NEEDED
        ?setjmp_save_r5                     NOT NEEDED
        PAOUT                               0202
        PAOUT_H                             0203
        PAOUT_L                             0202
        PADIR                               0204
        PADIR_H                             0205
        PADIR_L                             0204
        PAREN                               0206
        PAREN_H                             0207
        PAREN_L                             0206
        PASEL0                              020A
        PASEL0_H                            020B
        PASEL0_L                            020A
        PASEL1                              020C
        PASEL1_H                            020D
        PASEL1_L                            020C
        PBOUT                               0222
        PBOUT_H                             0223
        PBOUT_L                             0222
        PBDIR                               0224
        PBDIR_H                             0225
        PBDIR_L                             0224
        PBREN                               0226
        PBREN_H                             0227
        PBREN_L                             0226
        PBSEL0                              022A
        PBSEL0_H                            022B
        PBSEL0_L                            022A
        PBSEL1                              022C
        PBSEL1_H                            022D
        PBSEL1_L                            022C
        PBIES                               0238
        PBIES_H                             0239
        PBIES_L                             0238
        PJOUT                               0322
        PJOUT_H                             0323
        PJOUT_L                             0322
        PJDIR                               0324
        PJDIR_H                             0325
        PJDIR_L                             0324
        PJSEL0                              032A
        PJSEL0_H                            032B
        PJSEL0_L                            032A
        PJSEL1                              032C
        PJSEL1_H                            032D
        PJSEL1_L                            032C
serial ( D:\NCSU\Current\Code Class\Hardware_Test\serial.r43 )
        _A_UCA0CTLW0_L                      05C0
        _A_UCA0BRW_L                        05C6
        _A_UCA0MCTLW_L                      05C8
        _A_UCA0TXBUF_L                      05CE
        _A_UCA0IE_L                         NOT NEEDED
        _A_UCA0IFG_L                        05DC
        _A_UCA1CTLW0_L                      05E0
        _A_UCA1BRW_L                        05E6
        _A_UCA1MCTLW_L                      05E8
        _A_UCA1IE_L                         NOT NEEDED
        TX_Buffer                           NOT NEEDED
        USB_Char_Rx                         1CC4
        usb_rx_ring_wr                      1C34
        usb_rx_ring_rd                      1C36
        USB_Char_Tx                         1CE4
        usb_tx_ring_wr                      1C38
        usb_tx_ring_rd                      1C3A
        GPS_Char_Rx                         1D32
        gps_rx_ring_wr                      1C3C
        gps_rx_ring_rd                      1C3E
        Init_Serial_UCA0                    D292
        Init_Serial_UCA1                    D578
        alphabet                            NOT NEEDED
        Transmit_U                          NOT NEEDED
        outchar                             D8AE
        outhex                              D484
        outshorthex                         D500
        print_CR                            D89E
        ?setjmp_save_r4                     NOT NEEDED
        ?setjmp_save_r5                     NOT NEEDED
        UCA0CTLW0                           05C0
        UCA0CTLW0_H                         05C1
        UCA0CTLW0_L                         05C0
        UCA0BRW                             05C6
        UCA0BRW_H                           05C7
        UCA0BRW_L                           05C6
        UCA0MCTLW                           05C8
        UCA0MCTLW_H                         05C9
        UCA0MCTLW_L                         05C8
        UCA0TXBUF                           05CE
        UCA0TXBUF_H                         05CF
        UCA0TXBUF_L                         05CE
        UCA0IE                              05DA
        UCA0IE_H                            05DB
        UCA0IE_L                            05DA
        UCA0IFG                             05DC
        UCA0IFG_H                           05DD
        UCA0IFG_L                           05DC
        UCA1CTLW0                           05E0
        UCA1CTLW0_H                         05E1
        UCA1CTLW0_L                         05E0
        UCA1BRW                             05E6
        UCA1BRW_H                           05E7
        UCA1BRW_L                           05E6
        UCA1MCTLW                           05E8
        UCA1MCTLW_H                         05E9
        UCA1MCTLW_L                         05E8
        UCA1IE                              05FA
        UCA1IE_H                            05FB
        UCA1IE_L                            05FA
spi ( D:\NCSU\Current\Code Class\Hardware_Test\spi.r43 )
        _A_UCB0CTLW0_L                      0640
        _A_UCB0BRW_L                        0646
        _A_UCB0TXBUF_L                      064E
        _A_UCB0IFG_L                        066C
        SPI_Char                            NOT NEEDED
        Init_SPI_B0                         D752
        SPI_test                            NOT NEEDED
        SPI_B0_write                        D854
        ?setjmp_save_r4                     NOT NEEDED
        ?setjmp_save_r5                     NOT NEEDED
        UCB0CTLW0                           0640
        UCB0CTLW0_H                         0641
        UCB0CTLW0_L                         0640
        UCB0BRW                             0646
        UCB0BRW_H                           0647
        UCB0BRW_L                           0646
        UCB0TXBUF                           064E
        UCB0TXBUF_H                         064F
        UCB0TXBUF_L                         064E
        UCB0IFG                             066C
        UCB0IFG_H                           066D
        UCB0IFG_L                           066C
switches ( D:\NCSU\Current\Code Class\Hardware_Test\switches.r43 )
        _A_PBIE_L                           023A
        _A_PBIFG_L                          NOT NEEDED
        switch_1                            NOT NEEDED
        switch_2                            NOT NEEDED
        switch_states                       1D52
        count_debounce_SW1                  1D53
        count_debounce_SW2                  1D54
        Init_Switches                       D8F4
        enable_switch_SW1                   D8BC
        enable_switch_SW2                   D8C6
        disable_switch_SW1                  D8D0
        disable_switch_SW2                  D8DA
        switch_control                      D330
        Switches_Process                    D53C
        ?setjmp_save_r4                     NOT NEEDED
        ?setjmp_save_r5                     NOT NEEDED
        PBIE                                023A
        PBIE_H                              023B
        PBIE_L                              023A
        PBIFG                               023C
        PBIFG_H                             023D
        PBIFG_L                             023C
system ( D:\NCSU\Current\Code Class\Hardware_Test\Debug\Obj\system.r43 )
        enable_interrupts                   D932
        ?setjmp_save_r4                     NOT NEEDED
        ?setjmp_save_r5                     NOT NEEDED
timers ( D:\NCSU\Current\Code Class\Hardware_Test\timers.r43 )
        _A_PBOUT_L                          NOT NEEDED
        TA0CTL                              0340
        TA0CCTL0                            0342
        TA0CCTL1                            0344
        TA0CCTL2                            0346
        TA0CCR0                             0352
        TA0CCR1                             0354
        TA0CCR2                             0356
        TA0EX0                              0360
        TA1CTL                              0380
        TA1CCTL0                            0382
        TA1CCR0                             NOT NEEDED
        TA1EX0                              03A0
        TB0CTL                              03C0
        TB0EX0                              03E0
        TB1CTL                              0400
        TB1CCTL0                            0402
        TB1CCTL1                            0404
        TB1CCTL2                            0406
        TB1CCR0                             NOT NEEDED
        TB1CCR1                             NOT NEEDED
        TB1CCR2                             NOT NEEDED
        TB1EX0                              0420
        TB2CTL                              0440
        TB2CCTL0                            0442
        TB2CCTL1                            0444
        TB2CCTL2                            0446
        TB2CCR0                             NOT NEEDED
        TB2CCR1                             NOT NEEDED
        TB2CCR2                             NOT NEEDED
        TB2EX0                              0460
        five_msec_count                     1C40
        sleeping                            1C42
        sleeptime                           1D55
        measure_delay                       NOT NEEDED
        Init_Timers                         D936
        Init_Timer0_A                       NOT NEEDED
        Init_Timer1_A                       NOT NEEDED
        Init_Timer0_B                       NOT NEEDED
        Init_Timer1_B                       D5E4
        Init_Timer2_B                       NOT NEEDED
        usleep10                            D824
        five_msec_sleep                     D704
        ?setjmp_save_r4                     NOT NEEDED
        ?setjmp_save_r5                     NOT NEEDED
        PBOUT                               0222
        PBOUT_H                             0223
        PBOUT_L                             0222
wheels ( D:\NCSU\Current\Code Class\Hardware_Test\wheels.r43 )
        _A_PBOUT_L                          NOT NEEDED
        WHEELS_test                         CB1E
        ?setjmp_save_r4                     NOT NEEDED
        ?setjmp_save_r5                     NOT NEEDED
        PBOUT                               0222
        PBOUT_H                             0223
        PBOUT_L                             0222
?abort ( C:\Program Files (x86)\IAR Systems\Embedded Workbench 7.0\430\lib\dlib\dl430xlsfn.r43 )
        abort                               NOT NEEDED
?__dbg_break ( C:\Program Files (x86)\IAR Systems\Embedded Workbench 7.0\430\lib\dlib\dl430xlsfn.r43 )
        __DebugBreak                        D940
?__dwrite ( C:\Program Files (x86)\IAR Systems\Embedded Workbench 7.0\430\lib\dlib\dl430xlsfn.r43 )
        __dwrite                            NOT NEEDED
?__exit ( C:\Program Files (x86)\IAR Systems\Embedded Workbench 7.0\430\lib\dlib\dl430xlsfn.r43 )
        __exit                              D83C
?__write ( C:\Program Files (x86)\IAR Systems\Embedded Workbench 7.0\430\lib\dlib\dl430xlsfn.r43 )
        __write                             NOT NEEDED
?_exit ( C:\Program Files (x86)\IAR Systems\Embedded Workbench 7.0\430\lib\dlib\dl430xlsfn.r43 )
        _exit                               D92A
        __cstart_call_dtors                 NOT NEEDED
        __cstart_closeall                   NOT NEEDED
        __cstart_clearlocks                 NOT NEEDED
?cppinit ( C:\Program Files (x86)\IAR Systems\Embedded Workbench 7.0\430\lib\dlib\dl430xlsfn.r43 )
        __call_ctors                        NOT NEEDED
        __alloc_record_needed_destruction   NOT NEEDED
        __record_needed_destruction         NOT NEEDED
        __call_dtors                        NOT NEEDED
        __data16_vec_cctor                  NOT NEEDED
?cstart ( C:\Program Files (x86)\IAR Systems\Embedded Workbench 7.0\430\lib\dlib\dl430xlsfn.r43 )
        __program_start                     C25A
        ?cstart_begin                       C25A
        ?cstart_call_mpu_init               NOT NEEDED
        ?cstart_call_low_level_init         NOT NEEDED
        ?cstart_init_copy_ramfunc           NOT NEEDED
        ?cstart_init_zero                   C25E
        ?cstart_init_copy                   C26A
        ?cstart_init_zero20                 NOT NEEDED
        ?cstart_init_copy20                 NOT NEEDED
        __cstart_init_tls                   NOT NEEDED
        ?cstart_call_ctors                  NOT NEEDED
        ?cstart_call_main                   C27A
        ?cstart_end                         C282
lowinit ( C:\Program Files (x86)\IAR Systems\Embedded Workbench 7.0\430\lib\dlib\dl430xlsfn.r43 )
        __low_level_init                    NOT NEEDED
?reset_vector ( C:\Program Files (x86)\IAR Systems\Embedded Workbench 7.0\430\lib\dlib\dl430xlsfn.r43 )
        ?reset_vector                       FFFE
?exit ( C:\Program Files (x86)\IAR Systems\Embedded Workbench 7.0\430\lib\dlib\dl430xlsfn.r43 )
        exit                                D92E
?malloc ( C:\Program Files (x86)\IAR Systems\Embedded Workbench 7.0\430\lib\dlib\dl430xlsfn.r43 )
        malloc                              NOT NEEDED
?ShiftRight32u ( C:\Program Files (x86)\IAR Systems\Embedded Workbench 7.0\430\lib\dlib\dl430xlsfn.r43 )
        ?ShiftRight32u                      D234
        ?ShiftRight32u_7                    D274
        ?ShiftRight32u_6                    D278
        ?ShiftRight32u_5                    D27C
        ?ShiftRight32u_4                    D280
        ?ShiftRight32u_3                    D284
        ?ShiftRight32u_2                    D288
?memcpy ( C:\Program Files (x86)\IAR Systems\Embedded Workbench 7.0\430\lib\dlib\dl430xlsfn.r43 )
        memcpy                              D88C
?memmove ( C:\Program Files (x86)\IAR Systems\Embedded Workbench 7.0\430\lib\dlib\dl430xlsfn.r43 )
        memmove                             NOT NEEDED
?memzero ( C:\Program Files (x86)\IAR Systems\Embedded Workbench 7.0\430\lib\dlib\dl430xlsfn.r43 )
        __data16_memzero                    D868
        __data16_memcpy                     D93A
        __data16_memmove                    NOT NEEDED
?MpuInit ( C:\Program Files (x86)\IAR Systems\Embedded Workbench 7.0\430\lib\dlib\dl430xlsfn.r43 )
        __iar_430_mpu_init                  NOT NEEDED
        ?mpu1_4k_init                       NOT NEEDED
        ?mpu1_8k_init                       NOT NEEDED
        ?mpu1_16k_init                      NOT NEEDED
        ?mpu2_init                          NOT NEEDED
?setjmp ( C:\Program Files (x86)\IAR Systems\Embedded Workbench 7.0\430\lib\dlib\dl430xlsfn.r43 )
        setjmp                              NOT NEEDED
        ?setjmp_r5                          NOT NEEDED
        ?setjmp_r4                          NOT NEEDED
        ?setjmp_end                         NOT NEEDED
?longjmp ( C:\Program Files (x86)\IAR Systems\Embedded Workbench 7.0\430\lib\dlib\dl430xlsfn.r43 )
        longjmp                             NOT NEEDED
        ?longjmp_r5                         NOT NEEDED
        ?longjmp_r4                         NOT NEEDED
        ?longjmp_end                        NOT NEEDED
?IndCallR11 ( C:\Program Files (x86)\IAR Systems\Embedded Workbench 7.0\430\lib\dlib\dl430xlsfn.r43 )
        ?IndCallR11                         NOT NEEDED
?IndCallR15 ( C:\Program Files (x86)\IAR Systems\Embedded Workbench 7.0\430\lib\dlib\dl430xlsfn.r43 )
        ?IndCallR15                         NOT NEEDED
?xcloseall ( C:\Program Files (x86)\IAR Systems\Embedded Workbench 7.0\430\lib\dlib\dl430xlsfn.r43 )
        _Close_all                          NOT NEEDED
?xgetmemchunk ( C:\Program Files (x86)\IAR Systems\Embedded Workbench 7.0\430\lib\dlib\dl430xlsfn.r43 )
        __data16_GetMemChunk                NOT NEEDED
?xxmemxfree ( C:\Program Files (x86)\IAR Systems\Embedded Workbench 7.0\430\lib\dlib\dl430xlsfn.r43 )
        __data16_free                       NOT NEEDED
?xxmemxmalloc ( C:\Program Files (x86)\IAR Systems\Embedded Workbench 7.0\430\lib\dlib\dl430xlsfn.r43 )
        __data16_Aldata                     NOT NEEDED
        __data16_malloc                     NOT NEEDED
        __data16_findmem                     LOCAL, NOT NEEDED


                ****************************************
                *                                      *
                *            MODULE SUMMARY            *
                *                                      *
                ****************************************

Module               CODE      DATA      CONST
------               ----      ----      -----
                    (Rel)  (Rel)  (Abs)  (Rel)
?ShiftRight32u         94
?__dbg_break            2
?__exit                24
?_exit                  4
?cstart                40
?exit                   4
?memcpy                18
?memzero               22
?reset_vector           2
LCD                   448     45
  + shared                            2
LED                     8
adc                   210     11      8
  + shared                            2
clocks                 34            10
convert               254      4
gps                 1 146     78      2
  + shared                            4
init                  112
interrupts            696     12     32
  + shared            104            18
  + common
main                  134      6            34
menu                  870     23            21
  + shared                            2
ports                 580            24
serial                288    154     16
spi                    58             8
switches              182      3      2     34
system                  4
timers                118      5     46
wheels                514
N/A (command line)           160
N/A (alignment)
----------          -----    ---    ---     --
Total:              5 866    501    176     89
  + common            104


                ****************************************
                *                                      *
                *      SEGMENTS IN ADDRESS ORDER       *
                *                                      *
                ****************************************


SEGMENT              SPACE    START ADDRESS   END ADDRESS     SIZE  TYPE  ALIGN
=======              =====    =============   ===========     ====  ====  =====
DATA16_AN                              015C - 015D               2   rel    0
                                       0160 - 0167               8 
                                       0202 - 0207               6 
                                       020A - 020D               4 
                                       0222 - 0227               6 
                                       022A - 022D               4 
                                       0238 - 023D               6 
                                       0320 - 0325               6 
                                       032A - 032D               4 
                                       0340 - 0347               8 
                                       0352 - 0357               6 
                                       0360 - 0361               2 
                                       0380 - 0383               4 
                                       0392 - 0397               6 
                                       03A0 - 03A1               2 
                                       03AE - 03AF               2 
                                       03C0 - 03C1               2 
                                       03D2 - 03D7               6 
                                       03E0 - 03E1               2 
                                       03EE - 03EF               2 
                                       0400 - 0407               8 
                                       0412 - 0417               6 
                                       0420 - 0421               2 
                                       042E - 042F               2 
                                       0440 - 0447               8 
                                       0452 - 0457               6 
                                       0460 - 0461               2 
                                       046E - 046F               2 
                                       05C0 - 05C1               2 
                                       05C6 - 05C9               4 
                                       05CC - 05CF               4 
                                       05DA - 05E1               8 
                                       05E6 - 05E9               4 
                                       05EC - 05ED               2 
                                       05FA - 05FB               2 
                                       05FE - 05FF               2 
                                       0640 - 0641               2 
                                       0646 - 0647               2 
                                       064E - 064F               2 
                                       066C - 066F               4 
                                       0700 - 0705               6 
                                       070A - 070B               2 
                                       0712 - 0713               2 
                                       071A - 071B               2 
                                       071E - 071F               2 
DATA16_I                               1C00 - 1C14              15   rel    1
DATA16_Z                               1C16 - 1D55             140   rel    1
CSTACK                                 1F60 - 1FFF              A0   rel    1
DATA16_C                               C200 - C243              44   rel    0
DATA16_ID                              C244 - C258              15   rel    1
CSTART                                 C25A - C281              28   rel    1
ISR_CODE                               C282 - C539             2B8   rel    1
<CODE> 1                               C53A - D941            1408   rel    1
INTVEC                                 FF90 - FFF7              68   com    1
RESET                                  FFFE - FFFF               2   rel    1

                ****************************************
                *                                      *
                *        END OF CROSS REFERENCE        *
                *                                      *
                ****************************************

 5 970 bytes of CODE  memory
   501 bytes of DATA  memory (+ 176 absolute )
    89 bytes of CONST memory

Errors: none
Warnings: none

