################################################################################
#                                                                              #
#      IAR Universal Linker V6.0.0.46                                          #
#                                                                              #
#           Link time     =  22/Oct/2014  19:34:28                             #
#           Target CPU    =  MSP430                                            #
#           List file     =  "E:\Fall 14\ECE 306\WORKSPACE\SCHOOLPROJECT\PROJE #
#                            CT 05\Debug\List\Project 05.map"                  #
#           Output file 1 =  "E:\Fall 14\ECE 306\WORKSPACE\SCHOOLPROJECT\PROJE #
#                            CT 05\Debug\Exe\Project 05.d43"                   #
#                            Format: debug                                     #
#                            UBROF version 10.0.6                              #
#                            Using library modules for C-SPY (-rt)             #
#           Command line  =  "E:\Fall 14\ECE 306\WORKSPACE\SCHOOLPROJECT\PROJE #
#                            CT 05\Debug\Obj\adc.r43"                          #
#                            "E:\Fall 14\ECE 306\WORKSPACE\SCHOOLPROJECT\PROJE #
#                            CT 05\Debug\Obj\clocks.r43"                       #
#                            "E:\Fall 14\ECE 306\WORKSPACE\SCHOOLPROJECT\PROJE #
#                            CT 05\Debug\Obj\init.r43"                         #
#                            "E:\Fall 14\ECE 306\WORKSPACE\SCHOOLPROJECT\PROJE #
#                            CT 05\LCD.r43"                                    #
#                            "E:\Fall 14\ECE 306\WORKSPACE\SCHOOLPROJECT\PROJE #
#                            CT 05\Debug\Obj\LED.r43"                          #
#                            "E:\Fall 14\ECE 306\WORKSPACE\SCHOOLPROJECT\PROJE #
#                            CT 05\Debug\Obj\main.r43"                         #
#                            "E:\Fall 14\ECE 306\WORKSPACE\SCHOOLPROJECT\PROJE #
#                            CT 05\Debug\Obj\menu.r43"                         #
#                            "E:\Fall 14\ECE 306\WORKSPACE\SCHOOLPROJECT\PROJE #
#                            CT 05\Debug\Obj\ports.r43"                        #
#                            "E:\Fall 14\ECE 306\WORKSPACE\SCHOOLPROJECT\PROJE #
#                            CT 05\Debug\Obj\shape.r43"                        #
#                            "E:\Fall 14\ECE 306\WORKSPACE\SCHOOLPROJECT\PROJE #
#                            CT 05\Debug\Obj\switch.r43"                       #
#                            "E:\Fall 14\ECE 306\WORKSPACE\SCHOOLPROJECT\PROJE #
#                            CT 05\Debug\Obj\system.r43"                       #
#                            "E:\Fall 14\ECE 306\WORKSPACE\SCHOOLPROJECT\PROJE #
#                            CT 05\Debug\Obj\timer_interrupts.r43"             #
#                            "E:\Fall 14\ECE 306\WORKSPACE\SCHOOLPROJECT\PROJE #
#                            CT 05\Debug\Obj\timers.r43"                       #
#                            "E:\Fall 14\ECE 306\WORKSPACE\SCHOOLPROJECT\PROJE #
#                            CT 05\timersB2.r43"                               #
#                            -o                                                #
#                            "E:\Fall 14\ECE 306\WORKSPACE\SCHOOLPROJECT\PROJE #
#                            CT 05\Debug\Exe\Project 05.d43"                   #
#                            -l                                                #
#                            "E:\Fall 14\ECE 306\WORKSPACE\SCHOOLPROJECT\PROJE #
#                            CT 05\Debug\List\Project 05.map"                  #
#                            -xesni                                            #
#                            "-IC:\Program Files (x86)\IAR Systems\Embedded Wo #
#                            rkbench 7.0\430\LIB\"                             #
#                            -f                                                #
#                            "C:\Program Files (x86)\IAR Systems\Embedded Work #
#                            bench 7.0\430\config\linker\lnk430FR5739.xcl"     #
#                            (-cmsp430 -QCODE_I=CODE_ID -QTLS16_I=TLS16_ID     #
#                            -Z(CONST)INFO=1800-18FF                           #
#                            -Z(CONST)INFOA=1880-18FF                          #
#                            -Z(CONST)INFOB=1800-187F                          #
#                            -Z(DATA)DATA16_I,DATA16_Z,DATA16_N,TLS16_I=1C00-1 #
#                            FFF                                               #
#                            -Z(DATA)CODE_I -Z(DATA)CSTACK+_STACK_SIZE#        #
#                            -Z(CONST)DATA16_P=C200-FF7F                       #
#                            -Z(DATA)DATA16_HEAP+_DATA16_HEAP_SIZE             #
#                            -Z(CONST)MPU_B1                                   #
#                            -Z(CONST)DATA16_C,DATA16_ID,TLS16_ID,DIFUNCT,CHEC #
#                            KSUM=C200-FF7F                                    #
#                            -Z(CONST)MPU_B2                                   #
#                            -Z(CODE)CSTART,ISR_CODE,CODE_ID=C200-FF7F         #
#                            -P(CODE)CODE=C200-FF7F -Z(CODE)CODE_PAD           #
#                            -Z(CONST)SIGNATURE=FF80-FF8F                      #
#                            -Z(CODE)INTVEC=FF90-FFFF                          #
#                            -Z(CODE)RESET=FFFE-FFFF) -f                       #
#                            "C:\Program Files (x86)\IAR Systems\Embedded Work #
#                            bench 7.0\430\config\linker\multiplier32_loc2.xcl #
#                            "                                                 #
#                            (-e?Mul8HwLoc2=?Mul8 -e?Mul16HwLoc2=?Mul16        #
#                            -e?Mul16to32uHwLoc2=?Mul16to32u                   #
#                            -e?Mul16to32sHwLoc2=?Mul16to32s                   #
#                            -e?Mul32Hw32Loc2=?Mul32                           #
#                            -e?Mul64Hw32Loc2=_Mul64i                          #
#                            -e?Mul32u32uto64iHw32Loc2=_Mul32u32uto64i         #
#                            -e?Mul32fHwLoc2=_Mul32f                           #
#                            -e_Mul64fHwPtrLoc2=_Mul64fPtr) -D_STACK_SIZE=A0   #
#                            -rt                                               #
#                            "C:\Program Files (x86)\IAR Systems\Embedded Work #
#                            bench 7.0\430\lib\dlib\dl430xlsfn.r43"            #
#                            -e_PrintfLarge=_Printf -e_ScanfLarge=_Scanf       #
#                            -D_DATA16_HEAP_SIZE=A0 -s __program_start         #
#                            -D_DATA20_HEAP_SIZE=50                            #
#                                                                              #
#                           Copyright (C) 1987-2014 IAR Systems AB.            #
################################################################################





                ****************************************
                *                                      *
                *           CROSS REFERENCE            *
                *                                      *
                ****************************************

       Program entry at :           C26A  Relocatable, from module : ?cstart




                ****************************************
                *                                      *
                *            RUNTIME MODEL             *
                *                                      *
                ****************************************

  __Heap_Handler             = Basic
  __SystemLibrary            = DLib
  __code_model               = large
  __core                     = 430X
  __data_model               = small
  __dlib_file_descriptor     = 0
  __dlib_full_locale_support = 0
  __double_size              = 32
  __pic                      = no
  __reg_r4                   = free
  __reg_r5                   = free
  __rt_version               = 3

                ****************************************
                *                                      *
                *    AUTOMATIC SYMBOL REDIRECTIONS     *
                *                                      *
                ****************************************

                  There are no automatic symbol redirections.

                ****************************************
                *                                      *
                *              ENTRY LIST              *
                *                                      *
                ****************************************

Module  Entry                              Address
------  -----                              -------
?FILLER_BYTES
?ABS_ENTRY_MOD
        _DATA20_HEAP_SIZE                   0050
        _DATA16_HEAP_SIZE                   00A0
        _STACK_SIZE                         00A0
adc ( E:\Fall 14\ECE 306\WORKSPACE\SCHOOLPROJECT\PROJECT 05\Debug\Obj\adc.r43 )
        _A_ADC10CTL0_L                      0700
        _A_ADC10CTL1_L                      0702
        _A_ADC10CTL2_L                      0704
        _A_ADC10MCTL0_L                     070A
        _A_ADC10MEM0_L                      0712
        _A_ADC10IE_L                        071A
        _A_ADC10IV_L                        071E
        _A_PAOUT_L                          0202
        _A_PBOUT_L                          0222
        ADC_Thumb                           1C1A
        ADC_Right_Detector                  1C1C
        ADC_Left_Detector                   1C1E
        ADC_Channel                         1C3A
        sample                              1C3B
        black_space                         1C3C
        tresholds                           1C20
        Init_ADC                            CA96
        ADC10_ISR                           C292
        ADC_Process                         CF74
        itoa                                CB9A
        sample_process                      CF1E
        black_line_detect                   CCEC
        disableADC                          CFA6
        enableADC                           CFE8
        IR_calibration                      CB02
        set_treshold                        CE94
        ADC10_ISR::??INTVEC 92              FFEC
        ?setjmp_save_r4                     NOT NEEDED
        ?setjmp_save_r5                     NOT NEEDED
        ADC10CTL0                           0700
        ADC10CTL0_H                         0701
        ADC10CTL0_L                         0700
        ADC10CTL1                           0702
        ADC10CTL1_H                         0703
        ADC10CTL1_L                         0702
        ADC10CTL2                           0704
        ADC10CTL2_H                         0705
        ADC10CTL2_L                         0704
        ADC10MCTL0                          070A
        ADC10MCTL0_H                        070B
        ADC10MCTL0_L                        070A
        ADC10MEM0                           0712
        ADC10MEM0_H                         0713
        ADC10MEM0_L                         0712
        ADC10IE                             071A
        ADC10IE_H                           071B
        ADC10IE_L                           071A
        ADC10IV                             071E
        ADC10IV_H                           071F
        ADC10IV_L                           071E
        PAOUT                               0202
        PAOUT_H                             0203
        PAOUT_L                             0202
        PBOUT                               0222
        PBOUT_H                             0223
        PBOUT_L                             0222
        itoa::buffer                        1C3D
clocks ( E:\Fall 14\ECE 306\WORKSPACE\SCHOOLPROJECT\PROJECT 05\Debug\Obj\clocks.r43 )
        ?setjmp_save_r4                     NOT NEEDED
        ?setjmp_save_r5                     NOT NEEDED
init ( E:\Fall 14\ECE 306\WORKSPACE\SCHOOLPROJECT\PROJECT 05\Debug\Obj\init.r43 )
        _A_CSCTL0_L                         0160
        _A_CSCTL1_L                         0162
        _A_CSCTL2_L                         0164
        _A_CSCTL3_L                         0166
        _A_PBOUT_L                          NOT NEEDED
        _A_PJOUT_L                          0322
        _A_WDTCTL_L                         015C
        Init_Ports                          CEAC
        Init_Conditions                     CFFA
        Init_Timers                         CF82
        Init_LEDs                           CD40
        Init_Clocks                         CE04
        ?setjmp_save_r4                     NOT NEEDED
        ?setjmp_save_r5                     NOT NEEDED
        CSCTL0                              0160
        CSCTL0_H                            0161
        CSCTL0_L                            0160
        CSCTL1                              0162
        CSCTL1_H                            0163
        CSCTL1_L                            0162
        CSCTL2                              0164
        CSCTL2_H                            0165
        CSCTL2_L                            0164
        CSCTL3                              0166
        CSCTL3_H                            0167
        CSCTL3_L                            0166
        PBOUT                               0222
        PBOUT_H                             0223
        PBOUT_L                             0222
        PJOUT                               0322
        PJOUT_H                             0323
        PJOUT_L                             0322
        WDTCTL                              015C
        WDTCTL_H                            015D
        WDTCTL_L                            015C
LCD ( E:\Fall 14\ECE 306\WORKSPACE\SCHOOLPROJECT\PROJECT 05\LCD.r43 )
        _A_PAOUT_L                          NOT NEEDED
        _A_UCB0CTLW0_L                      0640
        _A_UCB0BRW_L                        0646
        _A_UCB0TXBUF_L                      064E
        _A_UCB0IFG_L                        066C
        lcd_control                         NOT NEEDED
        display_line_1                      NOT NEEDED
        display_line_2                      NOT NEEDED
        display_1                           NOT NEEDED
        display_2                           NOT NEEDED
        char_count                          1C26
        current_line                        1C4D
        update_display_count                NOT NEEDED
        display_update_time                 NOT NEEDED
        Init_SPI_B0                         CDBA
        SPI_B0_write                        CF0A
        spi_rs_data                         CFC8
        spi_rs_command                      CFD0
        spi_chipselect_idle                 CFC0
        spi_chipselect_active               CFB8
        spi_reset_idle                      CFB0
        spi_reset_active                    CFE0
        Init_LCD                            C80E
        lcd_clear                           NOT NEEDED
        lcd_write                           CBE0
        lcd_command                         NOT NEEDED
        lcd_putc                            CC8E
        lcd_puts                            NOT NEEDED
        lcd_out                             CDE0
        Display_Process                     NOT NEEDED
        ?setjmp_save_r4                     NOT NEEDED
        ?setjmp_save_r5                     NOT NEEDED
        PAOUT                               0202
        PAOUT_H                             0203
        PAOUT_L                             0202
        UCB0CTLW0                           0640
        UCB0CTLW0_H                         0641
        UCB0CTLW0_L                         0640
        UCB0BRW                             0646
        UCB0BRW_H                           0647
        UCB0BRW_L                           0646
        UCB0TXBUF                           064E
        UCB0TXBUF_H                         064F
        UCB0TXBUF_L                         064E
        UCB0IFG                             066C
        UCB0IFG_H                           066D
        UCB0IFG_L                           066C
LED ( E:\Fall 14\ECE 306\WORKSPACE\SCHOOLPROJECT\PROJECT 05\Debug\Obj\LED.r43 )
        _A_PJOUT_L                          NOT NEEDED
        Default_Process                     NOT NEEDED
        ?setjmp_save_r4                     NOT NEEDED
        ?setjmp_save_r5                     NOT NEEDED
        PJOUT                               0322
        PJOUT_H                             0323
        PJOUT_L                             0322
main ( E:\Fall 14\ECE 306\WORKSPACE\SCHOOLPROJECT\PROJECT 05\Debug\Obj\main.r43 )
        _A_PJOUT_L                          NOT NEEDED
        control_state                       NOT NEEDED
        main                                C926
        ?setjmp_save_r4                     NOT NEEDED
        ?setjmp_save_r5                     NOT NEEDED
        PJOUT                               0322
        PJOUT_H                             0323
        PJOUT_L                             0322
menu ( E:\Fall 14\ECE 306\WORKSPACE\SCHOOLPROJECT\PROJECT 05\Debug\Obj\menu.r43 )
        what_to_do                          1C4E
        shape_selection                     NOT NEEDED
        what_to_do_movement                 1C4F
        select_menu                         NOT NEEDED
        shape_menu                          NOT NEEDED
        menu_list                           1C00
        menu_process                        CC20
        ?setjmp_save_r4                     NOT NEEDED
        ?setjmp_save_r5                     NOT NEEDED
ports ( E:\Fall 14\ECE 306\WORKSPACE\SCHOOLPROJECT\PROJECT 05\Debug\Obj\ports.r43 )
        _A_PAOUT_L                          NOT NEEDED
        _A_PADIR_L                          0204
        _A_PAREN_L                          0206
        _A_PASEL0_L                         020A
        _A_PASEL1_L                         020C
        _A_PBOUT_L                          NOT NEEDED
        _A_PBDIR_L                          0224
        _A_PBREN_L                          0226
        _A_PBSEL0_L                         022A
        _A_PBSEL1_L                         022C
        _A_PBIE_L                           023A
        _A_PJOUT_L                          NOT NEEDED
        _A_PJDIR_L                          0324
        _A_PJSEL0_L                         032A
        _A_PJSEL1_L                         032C
        Init_Port1                          C89C
        Init_Port2                          CD94
        Init_Port3                          CD6A
        Init_Port4                          CD16
        Init_PortJ                          CCBE
        ?setjmp_save_r4                     NOT NEEDED
        ?setjmp_save_r5                     NOT NEEDED
        PAOUT                               0202
        PAOUT_H                             0203
        PAOUT_L                             0202
        PADIR                               0204
        PADIR_H                             0205
        PADIR_L                             0204
        PAREN                               0206
        PAREN_H                             0207
        PAREN_L                             0206
        PASEL0                              020A
        PASEL0_H                            020B
        PASEL0_L                            020A
        PASEL1                              020C
        PASEL1_H                            020D
        PASEL1_L                            020C
        PBOUT                               0222
        PBOUT_H                             0223
        PBOUT_L                             0222
        PBDIR                               0224
        PBDIR_H                             0225
        PBDIR_L                             0224
        PBREN                               0226
        PBREN_H                             0227
        PBREN_L                             0226
        PBSEL0                              022A
        PBSEL0_H                            022B
        PBSEL0_L                            022A
        PBSEL1                              022C
        PBSEL1_H                            022D
        PBSEL1_L                            022C
        PBIE                                023A
        PBIE_H                              023B
        PBIE_L                              023A
        PJOUT                               0322
        PJOUT_H                             0323
        PJOUT_L                             0322
        PJDIR                               0324
        PJDIR_H                             0325
        PJDIR_L                             0324
        PJSEL0                              032A
        PJSEL0_H                            032B
        PJSEL0_L                            032A
        PJSEL1                              032C
        PJSEL1_H                            032D
        PJSEL1_L                            032C
shape ( E:\Fall 14\ECE 306\WORKSPACE\SCHOOLPROJECT\PROJECT 05\Debug\Obj\shape.r43 )
        _A_PBIN_L                           0220
        _A_PBOUT_L                          NOT NEEDED
        cycle_time                          NOT NEEDED
        complete                            NOT NEEDED
        current_step                        1C50
        count_time                          NOT NEEDED
        left_wheel_on                       1C51
        right_wheel_on                      1C52
        left_wheel_count                    1C53
        right_wheel_count                   1C54
        next_move                           NOT NEEDED
        straight_direction                  1C55
        stop                                1C56
        distance                            1C28
        time_limit                          1C2A
        STRAIGHT_TIME_Process               C6C4
        CLOCK_TIME_Process                  C57A
        project_5_process                   C402
        ?setjmp_save_r4                     NOT NEEDED
        ?setjmp_save_r5                     NOT NEEDED
        PBIN                                0220
        PBIN_H                              0221
        PBIN_L                              0220
        PBOUT                               0222
        PBOUT_H                             0223
        PBOUT_L                             0222
switch ( E:\Fall 14\ECE 306\WORKSPACE\SCHOOLPROJECT\PROJECT 05\Debug\Obj\switch.r43 )
        _A_PBIE_L                           NOT NEEDED
        _A_PBIFG_L                          023C
        P4IV                                023E
        _A_PJOUT_L                          NOT NEEDED
        okay_to_look_at_switch1             1C57
        okay_to_look_at_switch2             1C58
        sw1_position                        1C18
        sw2_position                        1C19
        count_debounce_SW1                  1C2C
        count_debounce_SW2                  1C2E
        Switch1_Process                     CE26
        Switch2_Process                     CE42
        Switches_Process                    CFD8
        PORT4_VECTOR_ISR                    C2F8
        disableInput                        CF9A
        enableInput                         CF8E
        do_stuff                            C9AC
        PORT4_VECTOR_ISR::??INTVEC 64       FFD0
        ?setjmp_save_r4                     NOT NEEDED
        ?setjmp_save_r5                     NOT NEEDED
        PBIE                                023A
        PBIE_H                              023B
        PBIE_L                              023A
        PBIFG                               023C
        PBIFG_H                             023D
        PBIFG_L                             023C
        PJOUT                               0322
        PJOUT_H                             0323
        PJOUT_L                             0322
system ( E:\Fall 14\ECE 306\WORKSPACE\SCHOOLPROJECT\PROJECT 05\Debug\Obj\system.r43 )
        enable_interrupts                   CFF6
        ?setjmp_save_r4                     NOT NEEDED
        ?setjmp_save_r5                     NOT NEEDED
timer_interrupts ( E:\Fall 14\ECE 306\WORKSPACE\SCHOOLPROJECT\PROJECT 05\Debug\Obj\timer_interrupts.r43 )
        _A_ADC10IE_L                        NOT NEEDED
        _A_PBOUT_L                          NOT NEEDED
        _A_PJOUT_L                          NOT NEEDED
        TA0CCR0                             0352
        TA0CCR1                             0354
        TA0CCR2                             0356
        TA0IV                               036E
        time                                1C30
        state                               NOT NEEDED
        ten_msec_count_timer_A2             1C59
        Timer0_A0_ISR                       C336
        TIMER0_A1_ISR                       C37C
        ten_msec_timer_code_switch          CA26
        TIMER0_A1_ISR::??INTVEC 88          FFE8
        Timer0_A0_ISR::??INTVEC 90          FFEA
        ?setjmp_save_r4                     NOT NEEDED
        ?setjmp_save_r5                     NOT NEEDED
        ADC10IE                             071A
        ADC10IE_H                           071B
        ADC10IE_L                           071A
        PBOUT                               0222
        PBOUT_H                             0223
        PBOUT_L                             0222
        PJOUT                               0322
        PJOUT_H                             0323
        PJOUT_L                             0322
timers ( E:\Fall 14\ECE 306\WORKSPACE\SCHOOLPROJECT\PROJECT 05\Debug\Obj\timers.r43 )
        TA0CTL                              0340
        TA0CCTL0                            0342
        TA0CCTL1                            0344
        TA0CCTL2                            0346
        TA0CCR0                             NOT NEEDED
        TA0CCR1                             NOT NEEDED
        TA0CCR2                             NOT NEEDED
        TA0EX0                              0360
        Time_Sequence                       1C32
        five_msec_count                     1C34
        one_time                            1C5A
        five_msec_count_timer_A0            1C36
        fifty_msec_count_timer_A1           1C38
        usleep10                            CEDC
        five_msec_sleep_A0                  NOT NEEDED
        five_msec_sleep                     CF64
        TimerB0code                         CEF4
        Init_Timer_A0                       CB52
        fifty_msec_sleep_A1                 CF54
        ?setjmp_save_r4                     NOT NEEDED
        ?setjmp_save_r5                     NOT NEEDED
timersB2 ( E:\Fall 14\ECE 306\WORKSPACE\SCHOOLPROJECT\PROJECT 05\timersB2.r43 )
        TB2CTL                              0440
        TB2CCTL0                            0442
        TB2CCR0                             0452
        TB2EX0                              0460
        sleeping                            NOT NEEDED
        sleeptime                           NOT NEEDED
        Init_Timer_B2                       CE7A
        led_blink                           NOT NEEDED
        gps_resetting                       NOT NEEDED
        gps_2b_reset                        NOT NEEDED
        reset_gps_time                      NOT NEEDED
        transmit_delay                      NOT NEEDED
        transmit_time                       NOT NEEDED
        Timer2_B0_ISR                       C3F2
        Timer2_B0_ISR::??INTVEC 70          FFD6
        ?setjmp_save_r4                     NOT NEEDED
        ?setjmp_save_r5                     NOT NEEDED
?abort ( C:\Program Files (x86)\IAR Systems\Embedded Workbench 7.0\430\lib\dlib\dl430xlsfn.r43 )
        abort                               NOT NEEDED
?__dbg_break ( C:\Program Files (x86)\IAR Systems\Embedded Workbench 7.0\430\lib\dlib\dl430xlsfn.r43 )
        __DebugBreak                        D002
?__dwrite ( C:\Program Files (x86)\IAR Systems\Embedded Workbench 7.0\430\lib\dlib\dl430xlsfn.r43 )
        __dwrite                            NOT NEEDED
?__exit ( C:\Program Files (x86)\IAR Systems\Embedded Workbench 7.0\430\lib\dlib\dl430xlsfn.r43 )
        __exit                              CEC4
?__write ( C:\Program Files (x86)\IAR Systems\Embedded Workbench 7.0\430\lib\dlib\dl430xlsfn.r43 )
        __write                             NOT NEEDED
?_exit ( C:\Program Files (x86)\IAR Systems\Embedded Workbench 7.0\430\lib\dlib\dl430xlsfn.r43 )
        _exit                               CFEE
        __cstart_call_dtors                 NOT NEEDED
        __cstart_closeall                   NOT NEEDED
        __cstart_clearlocks                 NOT NEEDED
?cppinit ( C:\Program Files (x86)\IAR Systems\Embedded Workbench 7.0\430\lib\dlib\dl430xlsfn.r43 )
        __call_ctors                        NOT NEEDED
        __alloc_record_needed_destruction   NOT NEEDED
        __record_needed_destruction         NOT NEEDED
        __call_dtors                        NOT NEEDED
        __data16_vec_cctor                  NOT NEEDED
?cstart ( C:\Program Files (x86)\IAR Systems\Embedded Workbench 7.0\430\lib\dlib\dl430xlsfn.r43 )
        __program_start                     C26A
        ?cstart_begin                       C26A
        ?cstart_call_mpu_init               NOT NEEDED
        ?cstart_call_low_level_init         NOT NEEDED
        ?cstart_init_copy_ramfunc           NOT NEEDED
        ?cstart_init_zero                   C26E
        ?cstart_init_copy                   C27A
        ?cstart_init_zero20                 NOT NEEDED
        ?cstart_init_copy20                 NOT NEEDED
        __cstart_init_tls                   NOT NEEDED
        ?cstart_call_ctors                  NOT NEEDED
        ?cstart_call_main                   C28A
        ?cstart_end                         C292
lowinit ( C:\Program Files (x86)\IAR Systems\Embedded Workbench 7.0\430\lib\dlib\dl430xlsfn.r43 )
        __low_level_init                    NOT NEEDED
?reset_vector ( C:\Program Files (x86)\IAR Systems\Embedded Workbench 7.0\430\lib\dlib\dl430xlsfn.r43 )
        ?reset_vector                       FFFE
?exit ( C:\Program Files (x86)\IAR Systems\Embedded Workbench 7.0\430\lib\dlib\dl430xlsfn.r43 )
        exit                                CFFE
?malloc ( C:\Program Files (x86)\IAR Systems\Embedded Workbench 7.0\430\lib\dlib\dl430xlsfn.r43 )
        malloc                              NOT NEEDED
?DivMod816u ( C:\Program Files (x86)\IAR Systems\Embedded Workbench 7.0\430\lib\dlib\dl430xlsfn.r43 )
        ?DivMod8u                           CE5E
        ?DivMod16u                          CE62
?DivMod816s ( C:\Program Files (x86)\IAR Systems\Embedded Workbench 7.0\430\lib\dlib\dl430xlsfn.r43 )
        ?DivMod8s                           CC5A
        ?DivMod16s                          CC5E
?memcpy ( C:\Program Files (x86)\IAR Systems\Embedded Workbench 7.0\430\lib\dlib\dl430xlsfn.r43 )
        memcpy                              CF42
?memmove ( C:\Program Files (x86)\IAR Systems\Embedded Workbench 7.0\430\lib\dlib\dl430xlsfn.r43 )
        memmove                             NOT NEEDED
?memzero ( C:\Program Files (x86)\IAR Systems\Embedded Workbench 7.0\430\lib\dlib\dl430xlsfn.r43 )
        __data16_memzero                    CF30
        __data16_memcpy                     CFF2
        __data16_memmove                    NOT NEEDED
?MpuInit ( C:\Program Files (x86)\IAR Systems\Embedded Workbench 7.0\430\lib\dlib\dl430xlsfn.r43 )
        __iar_430_mpu_init                  NOT NEEDED
        ?mpu1_4k_init                       NOT NEEDED
        ?mpu1_8k_init                       NOT NEEDED
        ?mpu1_16k_init                      NOT NEEDED
        ?mpu2_init                          NOT NEEDED
?setjmp ( C:\Program Files (x86)\IAR Systems\Embedded Workbench 7.0\430\lib\dlib\dl430xlsfn.r43 )
        setjmp                              NOT NEEDED
        ?setjmp_r5                          NOT NEEDED
        ?setjmp_r4                          NOT NEEDED
        ?setjmp_end                         NOT NEEDED
?longjmp ( C:\Program Files (x86)\IAR Systems\Embedded Workbench 7.0\430\lib\dlib\dl430xlsfn.r43 )
        longjmp                             NOT NEEDED
        ?longjmp_r5                         NOT NEEDED
        ?longjmp_r4                         NOT NEEDED
        ?longjmp_end                        NOT NEEDED
?IndCallR11 ( C:\Program Files (x86)\IAR Systems\Embedded Workbench 7.0\430\lib\dlib\dl430xlsfn.r43 )
        ?IndCallR11                         NOT NEEDED
?IndCallR15 ( C:\Program Files (x86)\IAR Systems\Embedded Workbench 7.0\430\lib\dlib\dl430xlsfn.r43 )
        ?IndCallR15                         NOT NEEDED
?xcloseall ( C:\Program Files (x86)\IAR Systems\Embedded Workbench 7.0\430\lib\dlib\dl430xlsfn.r43 )
        _Close_all                          NOT NEEDED
?xgetmemchunk ( C:\Program Files (x86)\IAR Systems\Embedded Workbench 7.0\430\lib\dlib\dl430xlsfn.r43 )
        __data16_GetMemChunk                NOT NEEDED
?xxmemxfree ( C:\Program Files (x86)\IAR Systems\Embedded Workbench 7.0\430\lib\dlib\dl430xlsfn.r43 )
        __data16_free                       NOT NEEDED
?xxmemxmalloc ( C:\Program Files (x86)\IAR Systems\Embedded Workbench 7.0\430\lib\dlib\dl430xlsfn.r43 )
        __data16_Aldata                     NOT NEEDED
        __data16_malloc                     NOT NEEDED
        __data16_findmem                     LOCAL, NOT NEEDED


                ****************************************
                *                                      *
                *            MODULE SUMMARY            *
                *                                      *
                ****************************************

Module               CODE      DATA      CONST
------               ----      ----      -----
                    (Rel)  (Rel)  (Abs)  (Rel)
?DivMod816s            52
?DivMod816u            28
?__dbg_break            2
?__exit                24
?_exit                  4
?cstart                40
?exit                   4
?memcpy                18
?memzero               22
?reset_vector           2
LCD                   396      3      8
adc                   474     31     12
  + shared             94             6
  + common
init                  116            10
  + shared                            2
main                  134
menu                   58     26            89
ports                 306            22
  + shared                            2
shape               1 036     11      2
switch                272      8      4     17
  + common             66
system                  4
timer_interrupts      300      3      2
  + shared             92             6
  + common
timers                150      9     10
timersB2               42             8
  + common             72
N/A (command line)           160
N/A (alignment)
----------          -----    ---     --    ---
Total:              3 484    251     94    106
  + common             94


                ****************************************
                *                                      *
                *      SEGMENTS IN ADDRESS ORDER       *
                *                                      *
                ****************************************


SEGMENT              SPACE    START ADDRESS   END ADDRESS     SIZE  TYPE  ALIGN
=======              =====    =============   ===========     ====  ====  =====
DATA16_AN                              015C - 015D               2   rel    0
                                       0160 - 0167               8 
                                       0202 - 0207               6 
                                       020A - 020D               4 
                                       0220 - 0227               8 
                                       022A - 022D               4 
                                       023A - 023F               6 
                                       0322 - 0325               4 
                                       032A - 032D               4 
                                       0340 - 0347               8 
                                       0352 - 0357               6 
                                       0360 - 0361               2 
                                       036E - 036F               2 
                                       0440 - 0443               4 
                                       0452 - 0453               2 
                                       0460 - 0461               2 
                                       0640 - 0641               2 
                                       0646 - 0647               2 
                                       064E - 064F               2 
                                       066C - 066D               2 
                                       0700 - 0705               6 
                                       070A - 070B               2 
                                       0712 - 0713               2 
                                       071A - 071B               2 
                                       071E - 071F               2 
DATA16_I                               1C00 - 1C19              1A   rel    1
DATA16_Z                               1C1A - 1C5A              41   rel    1
CSTACK                                 1F60 - 1FFF              A0   rel    1
DATA16_C                               C200 - C24F              50   rel    0
DATA16_ID                              C250 - C269              1A   rel    1
CSTART                                 C26A - C291              28   rel    1
ISR_CODE                               C292 - C401             170   rel    1
<CODE> 1                               C402 - D003             C02   rel    1
INTVEC                                 FF90 - FFED              5E   com    1
RESET                                  FFFE - FFFF               2   rel    1

                ****************************************
                *                                      *
                *        END OF CROSS REFERENCE        *
                *                                      *
                ****************************************

 3 578 bytes of CODE  memory
   251 bytes of DATA  memory (+ 94 absolute )
   106 bytes of CONST memory

Errors: none
Warnings: none

